2026-07-08 16:57:13,661 [toolkit.py] => config: configs/ewclora/cifar100.json
2026-07-08 16:57:13,661 [toolkit.py] => device: [device(type='cuda', index=0)]
2026-07-08 16:57:13,661 [toolkit.py] => debug: False
2026-07-08 16:57:13,661 [toolkit.py] => save_ckp: False
2026-07-08 16:57:13,661 [toolkit.py] => seed: 0
2026-07-08 16:57:13,661 [toolkit.py] => dataset: cifar100
2026-07-08 16:57:13,661 [toolkit.py] => data_path: data/cifar100
2026-07-08 16:57:13,661 [toolkit.py] => load: vit_base_patch16_224_in21k
2026-07-08 16:57:13,661 [toolkit.py] => init_cls: 10
2026-07-08 16:57:13,661 [toolkit.py] => increment: 10
2026-07-08 16:57:13,661 [toolkit.py] => sessions: 10
2026-07-08 16:57:13,661 [toolkit.py] => shuffle: False
2026-07-08 16:57:13,661 [toolkit.py] => method: ewclora
2026-07-08 16:57:13,661 [toolkit.py] => optimizer: adam
2026-07-08 16:57:13,661 [toolkit.py] => scheduler: cosine
2026-07-08 16:57:13,661 [toolkit.py] => epochs: 20
2026-07-08 16:57:13,661 [toolkit.py] => lrate: 0.0005
2026-07-08 16:57:13,661 [toolkit.py] => fc_lrate: 0.005
2026-07-08 16:57:13,661 [toolkit.py] => weight_decay: 0.0
2026-07-08 16:57:13,661 [toolkit.py] => batch_size: 128
2026-07-08 16:57:13,662 [toolkit.py] => rank: 10
2026-07-08 16:57:13,662 [toolkit.py] => num_workers: 16
2026-07-08 16:57:13,662 [toolkit.py] => gamma: 1.0
2026-07-08 16:57:13,662 [toolkit.py] => lambda: 10000000.0
2026-07-08 16:57:13,662 [toolkit.py] => logdir: logs/ewclora/cifar100/t10
2026-07-08 16:57:13,662 [toolkit.py] => logfilename: logs/ewclora/cifar100/t10/seed0
2026-07-08 16:57:15,448 [data_manager.py] => Class index order: 0, 1, 2, 3, 4, ..., 95, 96, 97, 98, 99
2026-07-08 16:57:19,227 [trainer.py] => ================================================================================
2026-07-08 16:57:19,288 [base.py] => Task 0 learning on class 0-10
2026-07-08 16:57:20,412 [toolkit.py] => Total params:     103,410,103
2026-07-08 16:57:20,412 [toolkit.py] => Trainable params: 376,330
2026-07-08 16:57:20,413 [toolkit.py] => Trainable ratio:  0.3639%
2026-07-08 17:09:33,153 [ewclora.py] => Task 0, Epoch 20/20 => Loss 0.094, Train_accy 97.04
2026-07-08 17:09:33,154 [trainer.py] => Training time: 0h 12m 13s
2026-07-08 17:09:37,635 [trainer.py] => Evaluation time: 0h 0m 4s
2026-07-08 17:10:14,023 [trainer.py] => Accuracy: {'total': 99.5, '00-09': 99.5, 'old': 0, 'new': 99.5}
2026-07-08 17:10:14,023 [trainer.py] => (curve) top1 Acc: [99.5]
2026-07-08 17:10:14,023 [trainer.py] => (curve) top1 Acc with task: [99.5]
2026-07-08 17:10:14,024 [trainer.py] => (curve) top1 Acc task: [100.0]
2026-07-08 17:10:14,024 [trainer.py] => ================================================================================
2026-07-08 17:10:14,024 [trainer.py] => ================================================================================
2026-07-08 17:10:14,108 [base.py] => Task 1 learning on class 10-20
2026-07-08 17:10:14,114 [toolkit.py] => Total params:     103,410,103
2026-07-08 17:10:14,114 [toolkit.py] => Trainable params: 376,330
2026-07-08 17:10:14,114 [toolkit.py] => Trainable ratio:  0.3639%
2026-07-08 17:22:31,694 [ewclora.py] => Task 1, Epoch 20/20 => Loss 0.139, Train_accy 95.56
2026-07-08 17:22:31,695 [trainer.py] => Training time: 0h 12m 17s
2026-07-08 17:22:39,615 [trainer.py] => Evaluation time: 0h 0m 7s
2026-07-08 17:23:15,715 [trainer.py] => Accuracy: {'total': 96.75, '00-09': 97.1, '10-19': 96.4, 'old': 97.1, 'new': 96.4}
2026-07-08 17:23:15,716 [trainer.py] => (curve) top1 Acc: [99.5, 96.75]
2026-07-08 17:23:15,716 [trainer.py] => (curve) top1 Acc with task: [99.5, 98.9]
2026-07-08 17:23:15,716 [trainer.py] => (curve) top1 Acc task: [100.0, 97.6]
2026-07-08 17:23:15,716 [trainer.py] => ================================================================================
2026-07-08 17:23:15,716 [trainer.py] => ================================================================================
2026-07-08 17:23:15,735 [base.py] => Task 2 learning on class 20-30
2026-07-08 17:23:15,739 [toolkit.py] => Total params:     103,410,103
2026-07-08 17:23:15,740 [toolkit.py] => Trainable params: 376,330
2026-07-08 17:23:15,740 [toolkit.py] => Trainable ratio:  0.3639%
2026-07-08 17:35:33,814 [ewclora.py] => Task 2, Epoch 20/20 => Loss 0.126, Train_accy 95.98
2026-07-08 17:35:33,815 [trainer.py] => Training time: 0h 12m 18s
2026-07-08 17:35:44,762 [trainer.py] => Evaluation time: 0h 0m 10s
2026-07-08 17:36:21,363 [trainer.py] => Accuracy: {'total': 95.3, '00-09': 95.3, '10-19': 95.5, '20-29': 95.1, 'old': 95.4, 'new': 95.1}
2026-07-08 17:36:21,363 [trainer.py] => (curve) top1 Acc: [99.5, 96.75, 95.3]
2026-07-08 17:36:21,363 [trainer.py] => (curve) top1 Acc with task: [99.5, 98.9, 98.6]
2026-07-08 17:36:21,364 [trainer.py] => (curve) top1 Acc task: [100.0, 97.6, 96.23]
2026-07-08 17:36:21,364 [trainer.py] => ================================================================================
2026-07-08 17:36:21,364 [trainer.py] => ================================================================================
2026-07-08 17:36:21,386 [base.py] => Task 3 learning on class 30-40
2026-07-08 17:36:21,393 [toolkit.py] => Total params:     103,410,103
2026-07-08 17:36:21,393 [toolkit.py] => Trainable params: 376,330
2026-07-08 17:36:21,393 [toolkit.py] => Trainable ratio:  0.3639%
2026-07-08 17:48:39,199 [ewclora.py] => Task 3, Epoch 20/20 => Loss 0.115, Train_accy 96.02
2026-07-08 17:48:39,201 [trainer.py] => Training time: 0h 12m 17s
2026-07-08 17:48:53,369 [trainer.py] => Evaluation time: 0h 0m 14s
2026-07-08 17:49:29,545 [trainer.py] => Accuracy: {'total': 93.58, '00-09': 95.2, '10-19': 93.8, '20-29': 95.1, '30-39': 90.2, 'old': 94.7, 'new': 90.2}
2026-07-08 17:49:29,546 [trainer.py] => (curve) top1 Acc: [99.5, 96.75, 95.3, 93.58]
2026-07-08 17:49:29,546 [trainer.py] => (curve) top1 Acc with task: [99.5, 98.9, 98.6, 98.6]
2026-07-08 17:49:29,546 [trainer.py] => (curve) top1 Acc task: [100.0, 97.6, 96.23, 94.25]
2026-07-08 17:49:29,546 [trainer.py] => ================================================================================
2026-07-08 17:49:29,546 [trainer.py] => ================================================================================
2026-07-08 17:49:29,562 [base.py] => Task 4 learning on class 40-50
2026-07-08 17:49:29,567 [toolkit.py] => Total params:     103,410,103
2026-07-08 17:49:29,568 [toolkit.py] => Trainable params: 376,330
2026-07-08 17:49:29,568 [toolkit.py] => Trainable ratio:  0.3639%
2026-07-08 18:01:48,615 [ewclora.py] => Task 4, Epoch 20/20 => Loss 0.112, Train_accy 96.20
2026-07-08 18:01:48,616 [trainer.py] => Training time: 0h 12m 19s
2026-07-08 18:02:06,197 [trainer.py] => Evaluation time: 0h 0m 17s
2026-07-08 18:02:42,452 [trainer.py] => Accuracy: {'total': 92.34, '00-09': 94.4, '10-19': 91.9, '20-29': 93.2, '30-39': 88.3, '40-49': 93.9, 'old': 91.95, 'new': 93.9}
2026-07-08 18:02:42,452 [trainer.py] => (curve) top1 Acc: [99.5, 96.75, 95.3, 93.58, 92.34]
2026-07-08 18:02:42,452 [trainer.py] => (curve) top1 Acc with task: [99.5, 98.9, 98.6, 98.6, 98.56]
2026-07-08 18:02:42,452 [trainer.py] => (curve) top1 Acc task: [100.0, 97.6, 96.23, 94.25, 92.94]
2026-07-08 18:02:42,452 [trainer.py] => ================================================================================
2026-07-08 18:02:42,453 [trainer.py] => ================================================================================
2026-07-08 18:02:42,467 [base.py] => Task 5 learning on class 50-60
2026-07-08 18:02:42,473 [toolkit.py] => Total params:     103,410,103
2026-07-08 18:02:42,473 [toolkit.py] => Trainable params: 376,330
2026-07-08 18:02:42,473 [toolkit.py] => Trainable ratio:  0.3639%
2026-07-08 18:15:04,594 [ewclora.py] => Task 5, Epoch 20/20 => Loss 0.142, Train_accy 94.78
2026-07-08 18:15:04,595 [trainer.py] => Training time: 0h 12m 22s
2026-07-08 18:15:25,486 [trainer.py] => Evaluation time: 0h 0m 20s
2026-07-08 18:16:02,206 [trainer.py] => Accuracy: {'total': 90.18, '00-09': 93.3, '10-19': 91.3, '20-29': 92.4, '30-39': 86.7, '40-49': 93.1, '50-59': 84.3, 'old': 91.36, 'new': 84.3}
2026-07-08 18:16:02,206 [trainer.py] => (curve) top1 Acc: [99.5, 96.75, 95.3, 93.58, 92.34, 90.18]
2026-07-08 18:16:02,206 [trainer.py] => (curve) top1 Acc with task: [99.5, 98.9, 98.6, 98.6, 98.56, 98.48]
2026-07-08 18:16:02,206 [trainer.py] => (curve) top1 Acc task: [100.0, 97.6, 96.23, 94.25, 92.94, 90.78]
2026-07-08 18:16:02,206 [trainer.py] => ================================================================================
2026-07-08 18:16:02,206 [trainer.py] => ================================================================================
2026-07-08 18:16:02,462 [base.py] => Task 6 learning on class 60-70
2026-07-08 18:16:02,466 [toolkit.py] => Total params:     103,410,103
2026-07-08 18:16:02,466 [toolkit.py] => Trainable params: 376,330
2026-07-08 18:16:02,467 [toolkit.py] => Trainable ratio:  0.3639%
2026-07-08 18:28:25,164 [ewclora.py] => Task 6, Epoch 20/20 => Loss 0.142, Train_accy 95.06
2026-07-08 18:28:25,166 [trainer.py] => Training time: 0h 12m 22s
2026-07-08 18:28:49,049 [trainer.py] => Evaluation time: 0h 0m 23s
2026-07-08 18:29:25,690 [trainer.py] => Accuracy: {'total': 89.57, '00-09': 93.1, '10-19': 90.5, '20-29': 91.1, '30-39': 85.7, '40-49': 92.8, '50-59': 83.8, '60-69': 90.0, 'old': 89.5, 'new': 90.0}
2026-07-08 18:29:25,690 [trainer.py] => (curve) top1 Acc: [99.5, 96.75, 95.3, 93.58, 92.34, 90.18, 89.57]
2026-07-08 18:29:25,690 [trainer.py] => (curve) top1 Acc with task: [99.5, 98.9, 98.6, 98.6, 98.56, 98.48, 98.39]
2026-07-08 18:29:25,690 [trainer.py] => (curve) top1 Acc task: [100.0, 97.6, 96.23, 94.25, 92.94, 90.78, 90.14]
2026-07-08 18:29:25,690 [trainer.py] => ================================================================================
2026-07-08 18:29:25,690 [trainer.py] => ================================================================================
2026-07-08 18:29:25,906 [base.py] => Task 7 learning on class 70-80
2026-07-08 18:29:25,911 [toolkit.py] => Total params:     103,410,103
2026-07-08 18:29:25,911 [toolkit.py] => Trainable params: 376,330
2026-07-08 18:29:25,911 [toolkit.py] => Trainable ratio:  0.3639%
2026-07-08 18:41:48,700 [ewclora.py] => Task 7, Epoch 20/20 => Loss 0.139, Train_accy 95.08
2026-07-08 18:41:48,702 [trainer.py] => Training time: 0h 12m 23s
2026-07-08 18:42:15,442 [trainer.py] => Evaluation time: 0h 0m 26s
2026-07-08 18:42:52,269 [trainer.py] => Accuracy: {'total': 89.0, '00-09': 92.9, '10-19': 89.9, '20-29': 90.1, '30-39': 85.4, '40-49': 92.6, '50-59': 82.3, '60-69': 88.9, '70-79': 89.9, 'old': 88.87, 'new': 89.9}
2026-07-08 18:42:52,269 [trainer.py] => (curve) top1 Acc: [99.5, 96.75, 95.3, 93.58, 92.34, 90.18, 89.57, 89.0]
2026-07-08 18:42:52,269 [trainer.py] => (curve) top1 Acc with task: [99.5, 98.9, 98.6, 98.6, 98.56, 98.48, 98.39, 98.41]
2026-07-08 18:42:52,269 [trainer.py] => (curve) top1 Acc task: [100.0, 97.6, 96.23, 94.25, 92.94, 90.78, 90.14, 89.49]
2026-07-08 18:42:52,269 [trainer.py] => ================================================================================
2026-07-08 18:42:52,269 [trainer.py] => ================================================================================
2026-07-08 18:42:52,446 [base.py] => Task 8 learning on class 80-90
2026-07-08 18:42:52,452 [toolkit.py] => Total params:     103,410,103
2026-07-08 18:42:52,452 [toolkit.py] => Trainable params: 376,330
2026-07-08 18:42:52,452 [toolkit.py] => Trainable ratio:  0.3639%
2026-07-08 18:55:15,236 [ewclora.py] => Task 8, Epoch 20/20 => Loss 0.118, Train_accy 96.12
2026-07-08 18:55:15,237 [trainer.py] => Training time: 0h 12m 22s
2026-07-08 18:55:45,077 [trainer.py] => Evaluation time: 0h 0m 29s
2026-07-08 18:56:21,575 [trainer.py] => Accuracy: {'total': 89.03, '00-09': 92.4, '10-19': 89.4, '20-29': 89.9, '30-39': 85.1, '40-49': 92.0, '50-59': 82.0, '60-69': 88.1, '70-79': 89.8, '80-89': 92.6, 'old': 88.59, 'new': 92.6}
2026-07-08 18:56:21,575 [trainer.py] => (curve) top1 Acc: [99.5, 96.75, 95.3, 93.58, 92.34, 90.18, 89.57, 89.0, 89.03]
2026-07-08 18:56:21,575 [trainer.py] => (curve) top1 Acc with task: [99.5, 98.9, 98.6, 98.6, 98.56, 98.48, 98.39, 98.41, 98.52]
2026-07-08 18:56:21,575 [trainer.py] => (curve) top1 Acc task: [100.0, 97.6, 96.23, 94.25, 92.94, 90.78, 90.14, 89.49, 89.48]
2026-07-08 18:56:21,575 [trainer.py] => ================================================================================
2026-07-08 18:56:21,575 [trainer.py] => ================================================================================
2026-07-08 18:56:21,706 [base.py] => Task 9 learning on class 90-100
2026-07-08 18:56:21,710 [toolkit.py] => Total params:     103,410,103
2026-07-08 18:56:21,710 [toolkit.py] => Trainable params: 376,330
2026-07-08 18:56:21,710 [toolkit.py] => Trainable ratio:  0.3639%
2026-07-08 19:08:44,190 [ewclora.py] => Task 9, Epoch 20/20 => Loss 0.086, Train_accy 97.00
2026-07-08 19:08:44,191 [trainer.py] => Training time: 0h 12m 22s
2026-07-08 19:09:16,771 [trainer.py] => Evaluation time: 0h 0m 32s
2026-07-08 19:09:53,175 [trainer.py] => Accuracy: {'total': 88.0, '00-09': 92.3, '10-19': 88.5, '20-29': 89.7, '30-39': 82.8, '40-49': 90.6, '50-59': 80.3, '60-69': 86.7, '70-79': 86.7, '80-89': 90.9, '90-99': 91.5, 'old': 87.61, 'new': 91.5}
2026-07-08 19:09:53,175 [trainer.py] => (curve) top1 Acc: [99.5, 96.75, 95.3, 93.58, 92.34, 90.18, 89.57, 89.0, 89.03, 88.0]
2026-07-08 19:09:53,175 [trainer.py] => (curve) top1 Acc with task: [99.5, 98.9, 98.6, 98.6, 98.56, 98.48, 98.39, 98.41, 98.52, 98.58]
2026-07-08 19:09:53,175 [trainer.py] => (curve) top1 Acc task: [100.0, 97.6, 96.23, 94.25, 92.94, 90.78, 90.14, 89.49, 89.48, 88.39]
2026-07-08 19:09:53,175 [trainer.py] => ================================================================================
